rpc call initiated manifest_test::s
rpc call complete manifest_test::s
output 0:  s("ManifestTest: basic connectivity ok\n")

